WARNING: package sun.awt.X11 not in java.desktop
WARNING: package sun.awt.X11 not in java.desktop
mmacos: path set from /Users/dcr/dev/MACOS_resources/mmacos

=================================================================
 TASK 2  price of clearance in WFE (fixed x1.65 envelope)
=================================================================

--- hinge target 25 mm (clear_m dreq) ---
  oi_solve S5  : 83 vars, 25 fields, start     48.361 nm
    it  1:     41.590 nm   (lam 3.7e-05)
    it  2:     45.079 nm   (lam 1.4e-06)
    it  3:     44.757 nm   (lam 1.2e-06)
    it  4:     44.680 nm   (lam 1.1e-06)
    it  5:     44.524 nm   (lam 2.9e-06)
    it  6:     44.493 nm   (lam 2.6e-06)
  [restart 1] 6 iters -> map max 69.8 nm, disk floor 17.84 mm
  oi_solve S5  : 83 vars, 25 fields, start     44.493 nm
    it  1:     43.234 nm   (lam 3.7e-05)
    it  2:     42.450 nm   (lam 3.3e-05)
    it  3:     42.257 nm   (lam 8.8e-05)
    it  4:     41.981 nm   (lam 2.3e-04)
    it  5:     41.766 nm   (lam 2.1e-04)
    it  6:     41.460 nm   (lam 1.8e-04)
    it  7:     41.126 nm   (lam 1.6e-04)
    it  8:     40.785 nm   (lam 1.5e-04)
    it  9:     40.447 nm   (lam 1.3e-04)
    it 10:     40.106 nm   (lam 1.2e-04)
    it 11:     39.758 nm   (lam 1.0e-04)
    it 12:     39.401 nm   (lam 9.1e-05)
    it 13:     39.034 nm   (lam 8.1e-05)
    it 14:     38.656 nm   (lam 7.2e-05)
    it 15:     38.266 nm   (lam 6.4e-05)
    it 16:     37.863 nm   (lam 5.7e-05)
    it 17:     37.448 nm   (lam 5.1e-05)
    it 18:     37.019 nm   (lam 4.5e-05)
    it 19:     36.581 nm   (lam 4.0e-05)
    it 20:     36.140 nm   (lam 3.6e-05)
  [restart 2] 20 iters -> map max 51.7 nm, disk floor 24.24 mm
  oi_solve S5  : 83 vars, 25 fields, start     36.140 nm
    it  1:     35.845 nm   (lam 3.7e-05)
    it  2:     35.656 nm   (lam 9.9e-05)
    it  3:     35.419 nm   (lam 8.8e-05)
    it  4:     35.150 nm   (lam 7.8e-05)
    it  5:     34.878 nm   (lam 6.9e-05)
    it  6:     34.607 nm   (lam 6.2e-05)
    it  7:     34.327 nm   (lam 5.5e-05)
    it  8:     34.053 nm   (lam 4.9e-05)
    it  9:     33.762 nm   (lam 1.3e-04)
    it 10:     33.609 nm   (lam 1.2e-04)
    it 11:     33.433 nm   (lam 1.0e-04)
    it 12:     33.249 nm   (lam 9.1e-05)
    it 13:     33.070 nm   (lam 8.1e-05)
    it 14:     32.858 nm   (lam 7.2e-05)
    it 15:     32.669 nm   (lam 6.4e-05)
    it 16:     32.430 nm   (lam 5.7e-05)
    it 17:     32.287 nm   (lam 1.5e-04)
    it 18:     32.194 nm   (lam 1.4e-04)
    it 19:     32.092 nm   (lam 1.2e-04)
    it 20:     31.976 nm   (lam 1.1e-04)
  [restart 3] 20 iters -> map max 48.5 nm, disk floor 23.91 mm
  RESULT hinge 25 mm: map max 51.7 nm, disk floor 24.24 mm, exit 0.004 deg, 46 iters/3 restarts (SHORT of 25 mm)

--- hinge target 32 mm (clear_m dreq) ---
  oi_solve S5  : 83 vars, 25 fields, start     48.361 nm
    it  1:     44.060 nm   (lam 3.7e-05)
    it  2:     47.637 nm   (lam 1.4e-06)
    it  3:     47.363 nm   (lam 1.2e-06)
    it  4:     47.235 nm   (lam 1.1e-06)
    it  5:     47.273 nm   (lam 9.6e-07)
  [restart 1] 5 iters -> map max 77.8 nm, disk floor 23.36 mm
  oi_solve S5  : 83 vars, 25 fields, start     47.273 nm
    it  1:     46.923 nm   (lam 3.7e-05)
    it  2:     45.106 nm   (lam 1.4e-06)
    it  3:     44.963 nm   (lam 3.7e-06)
    it  4:     44.820 nm   (lam 9.8e-06)
    it  5:     44.662 nm   (lam 2.6e-05)
    it  6:     44.384 nm   (lam 6.9e-05)
    it  7:     43.869 nm   (lam 1.8e-04)
    it  8:     43.605 nm   (lam 1.6e-04)
    it  9:     43.225 nm   (lam 1.5e-04)
    it 10:     42.848 nm   (lam 1.3e-04)
    it 11:     42.481 nm   (lam 1.2e-04)
    it 12:     42.113 nm   (lam 1.0e-04)
    it 13:     41.739 nm   (lam 9.1e-05)
    it 14:     41.356 nm   (lam 8.1e-05)
    it 15:     40.960 nm   (lam 7.2e-05)
    it 16:     40.550 nm   (lam 6.4e-05)
    it 17:     40.126 nm   (lam 5.7e-05)
    it 18:     39.688 nm   (lam 5.1e-05)
    it 19:     39.248 nm   (lam 4.5e-05)
    it 20:     38.916 nm   (lam 4.0e-05)
  [restart 2] 20 iters -> map max 55.6 nm, disk floor 31.36 mm
  oi_solve S5  : 83 vars, 25 fields, start     38.916 nm
    it  1:     38.608 nm   (lam 3.7e-05)
    it  2:     38.413 nm   (lam 3.3e-05)
    it  3:     38.090 nm   (lam 8.8e-05)
    it  4:     37.794 nm   (lam 7.8e-05)
    it  5:     37.503 nm   (lam 6.9e-05)
    it  6:     37.211 nm   (lam 6.2e-05)
    it  7:     36.888 nm   (lam 5.5e-05)
    it  8:     36.587 nm   (lam 4.9e-05)
    it  9:     36.294 nm   (lam 4.3e-05)
    it 10:     35.981 nm   (lam 3.8e-05)
    it 11:     35.648 nm   (lam 1.0e-04)
    it 12:     35.448 nm   (lam 9.1e-05)
    it 13:     35.237 nm   (lam 8.1e-05)
    it 14:     34.977 nm   (lam 7.2e-05)
    it 15:     34.751 nm   (lam 6.4e-05)
    it 16:     34.475 nm   (lam 5.7e-05)
    it 17:     34.258 nm   (lam 1.5e-04)
    it 18:     34.138 nm   (lam 1.4e-04)
    it 19:     34.011 nm   (lam 1.2e-04)
    it 20:     33.861 nm   (lam 1.1e-04)
  [restart 3] 20 iters -> map max 50.8 nm, disk floor 30.76 mm
  oi_solve S5  : 83 vars, 25 fields, start     33.861 nm
    it  1:     33.792 nm   (lam 3.7e-05)
    it  2:     33.682 nm   (lam 9.9e-05)
    it  3:     33.541 nm   (lam 8.8e-05)
    it  4:     33.355 nm   (lam 7.8e-05)
    it  5:     33.164 nm   (lam 6.9e-05)
    it  6:     32.955 nm   (lam 6.2e-05)
    it  7:     32.779 nm   (lam 5.5e-05)
    it  8:     32.545 nm   (lam 4.9e-05)
    it  9:     32.417 nm   (lam 1.3e-04)
    it 10:     32.325 nm   (lam 1.2e-04)
    it 11:     32.229 nm   (lam 1.0e-04)
    it 12:     32.116 nm   (lam 9.1e-05)
    it 13:     32.003 nm   (lam 8.1e-05)
    it 14:     31.867 nm   (lam 7.2e-05)
    it 15:     31.738 nm   (lam 6.4e-05)
    it 16:     31.580 nm   (lam 5.7e-05)
    it 17:     31.441 nm   (lam 5.1e-05)
    it 18:     31.252 nm   (lam 4.5e-05)
    it 19:     31.149 nm   (lam 1.2e-04)
    it 20:     31.073 nm   (lam 1.1e-04)
  [restart 4] 20 iters -> map max 47.1 nm, disk floor 30.89 mm
  oi_solve S5  : 83 vars, 25 fields, start     31.073 nm
    it  1:     31.044 nm   (lam 3.7e-05)
    it  2:     30.982 nm   (lam 3.3e-05)
    it  3:     30.756 nm   (lam 8.8e-05)
    it  4:     30.661 nm   (lam 7.8e-05)
    it  5:     30.567 nm   (lam 6.9e-05)
    it  6:     30.449 nm   (lam 6.2e-05)
    it  7:     30.336 nm   (lam 5.5e-05)
    it  8:     30.208 nm   (lam 4.9e-05)
    it  9:     30.091 nm   (lam 4.3e-05)
    it 10:     29.945 nm   (lam 3.8e-05)
    it 11:     29.896 nm   (lam 1.0e-04)
    it 12:     29.769 nm   (lam 3.8e-06)
    it 13:     29.679 nm   (lam 8.1e-05)
    it 14:     29.573 nm   (lam 3.0e-06)
    it 15:     29.423 nm   (lam 6.4e-05)
    it 16:     29.344 nm   (lam 5.7e-05)
    it 17:     29.323 nm   (lam 1.5e-04)
  [restart 5] 17 iters -> map max 47.5 nm, disk floor 31.09 mm
  RESULT hinge 32 mm: map max 47.1 nm, disk floor 30.89 mm, exit 0.003 deg, 82 iters/5 restarts (reaches 25 mm)

--- hinge target 40 mm (clear_m dreq) ---
  oi_solve S5  : 83 vars, 25 fields, start     48.361 nm
    it  1:     55.599 nm   (lam 2.7e-03)
    it  2:     46.530 nm   (lam 9.9e-05)
    it  3:     48.815 nm   (lam 3.7e-06)
  [restart 1] 3 iters -> map max 74.7 nm, disk floor 26.81 mm
  oi_solve S5  : 83 vars, 25 fields, start     48.815 nm
    it  1:     50.734 nm   (lam 8.9e-04)
    it  2:     49.807 nm   (lam 3.3e-05)
    it  3:     49.417 nm   (lam 8.8e-05)
    it  4:     49.173 nm   (lam 2.3e-04)
    it  5:     48.922 nm   (lam 2.1e-04)
    it  6:     48.393 nm   (lam 1.8e-04)
    it  7:     47.920 nm   (lam 1.6e-04)
    it  8:     47.500 nm   (lam 1.5e-04)
    it  9:     47.111 nm   (lam 1.3e-04)
    it 10:     46.734 nm   (lam 1.2e-04)
    it 11:     46.343 nm   (lam 4.3e-06)
    it 12:     46.143 nm   (lam 3.8e-06)
    it 13:     45.978 nm   (lam 1.0e-05)
    it 14:     45.743 nm   (lam 9.0e-06)
    it 15:     45.511 nm   (lam 2.4e-05)
    it 16:     45.074 nm   (lam 2.1e-05)
    it 17:     44.729 nm   (lam 1.9e-05)
    it 18:     44.419 nm   (lam 1.7e-05)
    it 19:     44.115 nm   (lam 4.5e-05)
    it 20:     43.566 nm   (lam 4.0e-05)
  [restart 2] 20 iters -> map max 64.8 nm, disk floor 39.25 mm
  oi_solve S5  : 83 vars, 25 fields, start     43.566 nm
    it  1:     43.153 nm   (lam 3.7e-05)
    it  2:     42.884 nm   (lam 3.3e-05)
    it  3:     42.620 nm   (lam 2.9e-05)
    it  4:     42.329 nm   (lam 2.6e-05)
    it  5:     42.042 nm   (lam 6.9e-05)
    it  6:     41.624 nm   (lam 6.2e-05)
    it  7:     41.292 nm   (lam 5.5e-05)
    it  8:     40.964 nm   (lam 4.9e-05)
    it  9:     40.636 nm   (lam 4.3e-05)
    it 10:     40.312 nm   (lam 3.8e-05)
    it 11:     39.998 nm   (lam 1.0e-04)
    it 12:     39.718 nm   (lam 9.1e-05)
    it 13:     39.454 nm   (lam 8.1e-05)
    it 14:     39.166 nm   (lam 7.2e-05)
    it 15:     38.891 nm   (lam 6.4e-05)
    it 16:     38.587 nm   (lam 5.7e-05)
    it 17:     38.306 nm   (lam 5.1e-05)
    it 18:     37.991 nm   (lam 4.5e-05)
    it 19:     37.665 nm   (lam 1.2e-04)
    it 20:     37.462 nm   (lam 1.1e-04)
  [restart 3] 20 iters -> map max 55.0 nm, disk floor 38.48 mm
  oi_solve S5  : 83 vars, 25 fields, start     37.462 nm
    it  1:     37.322 nm   (lam 3.7e-05)
    it  2:     37.158 nm   (lam 9.9e-05)
    it  3:     36.962 nm   (lam 8.8e-05)
    it  4:     36.700 nm   (lam 7.8e-05)
    it  5:     36.475 nm   (lam 6.9e-05)
    it  6:     36.199 nm   (lam 6.2e-05)
    it  7:     35.963 nm   (lam 5.5e-05)
    it  8:     35.675 nm   (lam 4.9e-05)
    it  9:     35.432 nm   (lam 1.3e-04)
    it 10:     35.295 nm   (lam 1.2e-04)
    it 11:     35.151 nm   (lam 1.0e-04)
    it 12:     34.978 nm   (lam 9.1e-05)
    it 13:     34.815 nm   (lam 8.1e-05)
    it 14:     34.612 nm   (lam 7.2e-05)
    it 15:     34.437 nm   (lam 6.4e-05)
    it 16:     34.202 nm   (lam 5.7e-05)
    it 17:     34.048 nm   (lam 1.5e-04)
    it 18:     33.811 nm   (lam 5.6e-06)
    it 19:     33.750 nm   (lam 1.5e-05)
    it 20:     33.393 nm   (lam 4.0e-05)
  [restart 4] 20 iters -> map max 49.7 nm, disk floor 38.58 mm
  oi_solve S5  : 83 vars, 25 fields, start     33.393 nm
    it  1:     33.302 nm   (lam 3.7e-05)
    it  2:     33.229 nm   (lam 9.9e-05)
    it  3:     33.124 nm   (lam 8.8e-05)
    it  4:     33.008 nm   (lam 7.8e-05)
    it  5:     32.869 nm   (lam 6.9e-05)
    it  6:     32.738 nm   (lam 6.2e-05)
    it  7:     32.568 nm   (lam 5.5e-05)
    it  8:     32.426 nm   (lam 4.9e-05)
    it  9:     32.227 nm   (lam 4.3e-05)
    it 10:     32.125 nm   (lam 1.2e-04)
    it 11:     32.044 nm   (lam 4.3e-06)
    it 12:     31.825 nm   (lam 9.1e-05)
    it 13:     31.732 nm   (lam 8.1e-05)
    it 14:     31.641 nm   (lam 7.2e-05)
    it 15:     31.525 nm   (lam 6.4e-05)
    it 16:     31.420 nm   (lam 5.7e-05)
    it 17:     31.282 nm   (lam 5.1e-05)
    it 18:     31.156 nm   (lam 4.5e-05)
    it 19:     31.008 nm   (lam 4.0e-05)
    it 20:     30.883 nm   (lam 3.6e-05)
  [restart 5] 20 iters -> map max 47.3 nm, disk floor 38.97 mm
  oi_solve S5  : 83 vars, 25 fields, start     30.883 nm
    it  1:     30.826 nm   (lam 3.7e-05)
    it  2:     30.693 nm   (lam 3.3e-05)
    it  3:     30.588 nm   (lam 2.9e-05)
    it  4:     30.408 nm   (lam 2.6e-05)
    it  5:     30.315 nm   (lam 6.9e-05)
    it  6:     30.233 nm   (lam 2.6e-06)
    it  7:     30.047 nm   (lam 5.5e-05)
    it  8:     29.964 nm   (lam 4.9e-05)
    it  9:     29.943 nm   (lam 1.3e-04)
  [restart 6] 9 iters -> map max 48.4 nm, disk floor 39.03 mm
  RESULT hinge 40 mm: map max 47.3 nm, disk floor 38.97 mm, exit 0.023 deg, 92 iters/6 restarts (reaches 25 mm)

  cheapest >=25 mm: hinge 32 mm -> map max 47.1 nm
ans = 
  struct with fields:

    task: 'wfe'
    when: '2026-08-22 19:20:58'
     wfe: [1x1 struct]
